[harringtonweddings.com/index.html]
[backblue.gif]
[fade.gif]
[index.html]
[harringtonweddings.com/wp-content/uploads/2015/05/fav.png]
[www.google-analytics.com/analytics.js]
[harringtonweddings.com/wp-content/themes/gridstack/style37cb.css]
[netdna.bootstrapcdn.com/font-awesome/3.2.1/css/font-awesome37cb.css]
[harringtonweddings.com/comments/feed/index.html]
[harringtonweddings.com/feed/index.html]
[harringtonweddings.com/wp-content/plugins/themewich-shortcodes/css/themewich-shortcodes37cb.css]
[harringtonweddings.com/home/feed/index.html]
[harringtonweddings.com/wp-includes/js/jquery/jqueryb8ff.js]
[harringtonweddings.com/wp-includes/js/jquery/jquery-migrate.min330a.js]
[harringtonweddings.com/wp-content/themes/gridstack/js/modernizr.custom.min61da.js]
[harringtonweddings.com/wp-content/themes/gridstack/js/jquery.historyc659.js]
[harringtonweddings.com/wp-content/themes/gridstack/js/jquery.ajaxifyf269.js]
[harringtonweddings.com/xmlrpc0db0.php]
[harringtonweddings.com/wp-json/index.html]
[harringtonweddings.com/wp-includes/wlwmanifest.xml]
[harringtonweddings.com/wp-json/oembed/1.0/embed63b0.json]
[harringtonweddings.com/wp-json/oembed/1.0/embeded2c]
[harringtonweddings.com/wp-content/uploads/2017/04/cropped-harrie88_logo_NoNamecopy-32x32.png]
[harringtonweddings.com/wp-content/uploads/2017/04/cropped-harrie88_logo_NoNamecopy-192x192.png]
[harringtonweddings.com/wp-content/uploads/2017/04/cropped-harrie88_logo_NoNamecopy-180x180.png]
[harringtonweddings.com/wp-content/themes/gridstack/images/sprites.png]
[harringtonweddings.com/wp-content/uploads/2015/05/harrington-weddings-logo.png]
[harringtonweddings.com/last-minute-wedding-videographer-san-diego/index.html]
[harringtonweddings.com/last-minute-wedding-photographer-san-diego/index.html]
[harringtonweddings.com/wp-content/uploads/2018/04/danielle-chris-420x210.jpg]
[harringtonweddings.com/portfolio/index.html]
[harringtonweddings.com/wp-content/uploads/2018/04/katie-ryan-420x425.jpg]
[harringtonweddings.com/team/index.html]
[harringtonweddings.com/wp-content/uploads/2018/04/vicky-brent-420x425.jpg]
[harringtonweddings.com/contact/index.html]
[harringtonweddings.com/portfolio/danielle-chris/index.html]
[harringtonweddings.com/portfolio/katie-ryan/index.html]
[harringtonweddings.com/wp-content/uploads/2018/04/nicole-jeremiah-790x598.jpg]
[harringtonweddings.com/portfolio/vicky-brent/index.html]
[harringtonweddings.com/wp-content/uploads/2018/04/annie-jeff-420x210.jpg]
[harringtonweddings.com/portfolio/nicole-jeremiah/index.html]
[harringtonweddings.com/wp-content/uploads/2017/04/Screen-Shot-2017-04-05-at-2.54.04-PM-420x425.jpg]
[harringtonweddings.com/portfolio/annie-jeff/index.html]
[harringtonweddings.com/wp-content/uploads/2016/09/melanie-and-phillip-1.jpg]
[harringtonweddings.com/portfolio/jennell-terry/index.html]
[harringtonweddings.com/wp-content/uploads/2016/04/IMG_8036-3-420x425.jpg]
[harringtonweddings.com/portfolio/maegen-and-clint/index.html]
[harringtonweddings.com/wp-content/uploads/2016/04/ashley_charlie_thumb.jpg]
[harringtonweddings.com/portfolio/cassidy-david/index.html]
[harringtonweddings.com/wp-content/uploads/2016/09/melanie-and-phillip.jpg]
[harringtonweddings.com/portfolio/ashley-charlie/index.html]
[harringtonweddings.com/wp-content/uploads/2018/04/home-gallery-01.jpg]
[harringtonweddings.com/portfolio/melanie-and-phillip/index.html]
[harringtonweddings.com/wp-content/uploads/2018/04/home-gallery-02.jpg]
[harringtonweddings.com/wp-content/uploads/2018/04/home-gallery-03.jpg]
[harringtonweddings.com/wp-content/uploads/2018/04/home-gallery-04.jpg]
[harringtonweddings.com/wp-content/uploads/2018/04/home-gallery-05.jpg]
[harringtonweddings.com/wp-content/uploads/2016/09/melanie-and-phillip-75x75.jpg]
[harringtonweddings.com/wp-content/uploads/2016/09/melanie-and-phillip-1-75x75.jpg]
[harringtonweddings.com/wp-content/uploads/2017/04/Screen-Shot-2017-04-05-at-2.54.04-PM-75x75.jpg]
[harringtonweddings.com/wp-content/uploads/2016/04/IMG_8036-3-75x75.jpg]
[harringtonweddings.com/wp-content/uploads/2016/04/ashley_charlie_thumb-75x75.jpg]
[harringtonweddings.com/wp-content/uploads/2018/04/nicole-jeremiah-75x75.jpg]
[harringtonweddings.com/wp-content/uploads/2018/04/vicky-brent-75x75.jpg]
[harringtonweddings.com/wp-content/uploads/2018/04/katie-ryan-75x75.jpg]
[harringtonweddings.com/wp-content/uploads/2018/04/danielle-chris-75x75.jpg]
[harringtonweddings.com/wp-content/themes/gridstack/js/jquery.bxslider.min0235.js]
[harringtonweddings.com/wp-content/themes/gridstack/js/jquery.magnific-popup.min61fa.js]
[harringtonweddings.com/wp-content/themes/gridstack/js/jquery.isotope.mindc81.js]
[harringtonweddings.com/wp-content/themes/gridstack/js/jquery.infinitescroll.mincc40.js]
[harringtonweddings.com/wp-content/themes/gridstack/js/superfish.minb34d.js]
[harringtonweddings.com/wp-content/themes/gridstack/js/jquery.fitvids5152.js]
[harringtonweddings.com/wp-content/themes/gridstack/js/jquery.easing.1.34e44.js]
[harringtonweddings.com/wp-content/themes/gridstack/js/custom8a54.js]
[harringtonweddings.com/wp-includes/js/imagesloaded.min55a0.js]
[harringtonweddings.com/wp-includes/js/jquery/ui/core.mine899.js]
[harringtonweddings.com/wp-includes/js/jquery/ui/widget.mine899.js]
[harringtonweddings.com/wp-includes/js/jquery/ui/tabs.mine899.js]
[harringtonweddings.com/wp-includes/js/jquery/ui/accordion.mine899.js]
[harringtonweddings.com/wp-content/plugins/themewich-shortcodes/js/themewich.shortcodes1159.js]
[harringtonweddings.com/wp-includes/js/comment-reply.min37cb.js]
[www.googleadservices.com/pagead/f.txt]
[harringtonweddings.com/wp-includes/js/wp-embed.min37cb.js]
[harringtonweddings.com/index.html]
[connect.facebook.net/en_US/fbevents.js]
[harringtonweddings.com/wp-content/themes/girdstack-child/icons/yelp.svg]
[harringtonweddings.com/wp-content/themes/girdstack-child/icons/knot.svg]
[harringtonweddings.com/wp-content/themes/girdstack-child/style8a54.css]
[harringtonweddings.com/wp-content/themes/girdstack-child/icons/weddingwire.svg]
[harringtonweddings.com/wp-content/themes/gridstack/images/loading.gif]
[harringtonweddings.com/wp-content/themes/gridstack/images/large_x_thick.png]
[harringtonweddings.com/wp-content/themes/gridstack/images/large_+.png]
[harringtonweddings.com/wp-content/themes/gridstack/images/left-arrow-prev.png]
[harringtonweddings.com/wp-content/themes/gridstack/images/right-arrow-next.png]
[harringtonweddings.com/wp-content/themes/gridstack/images/bigplay.png]
[harringtonweddings.com/wp-content/themes/gridstack/images/sep.png]
[harringtonweddings.com/wp-content/themes/gridstack/images/controls.png]
[harringtonweddings.com/wp-content/themes/gridstack/images/small-loading.gif]
[harringtonweddings.com/wp-content/themes/gridstack/images/rightarrow.png]
[harringtonweddings.com/wp-content/themes/gridstack/images/downarrow.png]
[harringtonweddings.com/wp-content/themes/gridstack/images/uparrow.png]
[harringtonweddings.com/wp-content/themes/gridstack/images/plus.png]
[harringtonweddings.com/wp-content/themes/gridstack/images/rightarrow-dark.png]
[harringtonweddings.com/wp-content/themes/gridstack/style37cb.css]
[netdna.bootstrapcdn.com/font-awesome/3.2.1/css/font-awesome37cb.css]
[harringtonweddings.com/wp-content/plugins/themewich-shortcodes/images/loading.gif]
[harringtonweddings.com/wp-content/plugins/themewich-shortcodes/images/loading-dark.gif]
[harringtonweddings.com/wp-content/plugins/themewich-shortcodes/images/left-chevron.png]
[harringtonweddings.com/wp-content/plugins/themewich-shortcodes/images/right-chevron.png]
[harringtonweddings.com/wp-content/plugins/themewich-shortcodes/images/toggle-plus.png]
[harringtonweddings.com/wp-content/plugins/themewich-shortcodes/images/toggle-minus.png]
[harringtonweddings.com/wp-content/plugins/themewich-shortcodes/images/icons/twitter.png]
[harringtonweddings.com/wp-content/plugins/themewich-shortcodes/images/icons/facebook.png]
[harringtonweddings.com/wp-content/plugins/themewich-shortcodes/images/icons/dribbble.png]
[harringtonweddings.com/wp-content/plugins/themewich-shortcodes/images/icons/instagram.png]
[harringtonweddings.com/wp-content/plugins/themewich-shortcodes/images/icons/google.png]
[harringtonweddings.com/wp-content/plugins/themewich-shortcodes/images/icons/pinterest.png]
[harringtonweddings.com/wp-content/plugins/themewich-shortcodes/images/icons/linkedin.png]
[harringtonweddings.com/wp-content/plugins/themewich-shortcodes/images/icons/rss.png]
[harringtonweddings.com/wp-content/plugins/themewich-shortcodes/images/icons/stumbleupon.png]
[harringtonweddings.com/wp-content/plugins/themewich-shortcodes/images/icons/vimeo.png]
[harringtonweddings.com/wp-content/plugins/themewich-shortcodes/images/icons/youtube.png]
[harringtonweddings.com/wp-content/plugins/themewich-shortcodes/images/icons/twitter.svg]
[harringtonweddings.com/wp-content/plugins/themewich-shortcodes/images/icons/dribbble.svg]
[harringtonweddings.com/wp-content/plugins/themewich-shortcodes/images/icons/instagram.svg]
[harringtonweddings.com/wp-content/plugins/themewich-shortcodes/images/icons/google.svg]
[harringtonweddings.com/wp-content/plugins/themewich-shortcodes/images/icons/pinterest.svg]
[harringtonweddings.com/wp-content/plugins/themewich-shortcodes/images/icons/linkedin.svg]
[harringtonweddings.com/wp-content/plugins/themewich-shortcodes/images/icons/stumbleupon.svg]
[harringtonweddings.com/wp-content/plugins/themewich-shortcodes/css/themewich-shortcodes37cb.css]
[harringtonweddings.com/wp-includes/js/jquery/jqueryb8ff.js]
[harringtonweddings.com/wp-includes/js/jquery/jquery-migrate.min330a.js]
[harringtonweddings.com/wp-content/themes/gridstack/js/modernizr.custom.min61da.js]
[harringtonweddings.com/wp-content/themes/gridstack/js/jquery.historyc659.js]
[harringtonweddings.com/wp-content/themes/gridstack/js/jquery.ajaxifyf269.js]
[harringtonweddings.com/wp-content/plugins/themewich-shortcodes/images/icons/youtube.svg]
[harringtonweddings.com/wp-json/oembed/1.0/embed70fc.json]
[harringtonweddings.com/wp-json/oembed/1.0/embedfd28]
[harringtonweddings.com/wp-content/uploads/2015/07/wedding-header.jpg]
[harringtonweddings.com/last-minute-wedding-videographer-san-diego/index.html]
[harringtonweddings.com/wp-json/oembed/1.0/embed3d0a.json]
[harringtonweddings.com/wp-json/oembed/1.0/embed9ad3]
[harringtonweddings.com/wp-content/uploads/2018/04/wedding-photography-landscape-01.jpg]
[harringtonweddings.com/wp-content/uploads/2018/04/wedding-photography-landscape-01-426x351.jpg]
[harringtonweddings.com/wp-content/uploads/2018/04/wedding-photography-landscape-02.jpg]
[harringtonweddings.com/wp-content/uploads/2018/04/wedding-photography-landscape-02-426x351.jpg]
[harringtonweddings.com/wp-content/uploads/2018/04/wedding-photography-landscape-03.jpg]
[harringtonweddings.com/wp-content/uploads/2018/04/wedding-photography-landscape-03-426x351.jpg]
[harringtonweddings.com/wp-content/uploads/2018/04/wedding-photography-landscape-04.jpg]
[harringtonweddings.com/wp-content/uploads/2018/04/wedding-photography-landscape-04-426x351.jpg]
[harringtonweddings.com/wp-content/uploads/2018/04/wedding-photography-landscape-05.jpg]
[harringtonweddings.com/wp-content/uploads/2018/04/wedding-photography-landscape-05-426x351.jpg]
[harringtonweddings.com/wp-content/uploads/2018/04/wedding-photography-landscape-06.jpg]
[harringtonweddings.com/wp-content/uploads/2018/04/wedding-photography-landscape-06-426x351.jpg]
[harringtonweddings.com/wp-content/uploads/2018/04/wedding-photography-landscape-07.jpg]
[harringtonweddings.com/wp-content/uploads/2018/04/wedding-photography-landscape-07-426x351.jpg]
[harringtonweddings.com/wp-content/uploads/2018/04/wedding-photography-landscape-08.jpg]
[harringtonweddings.com/wp-content/uploads/2018/04/wedding-photography-landscape-08-426x351.jpg]
[harringtonweddings.com/wp-content/uploads/2018/04/wedding-photography-landscape-09.jpg]
[harringtonweddings.com/wp-content/uploads/2018/04/wedding-photography-landscape-09-426x351.jpg]
[harringtonweddings.com/wp-content/uploads/2018/04/wedding-photography-landscape-10.jpg]
[harringtonweddings.com/wp-content/uploads/2018/04/wedding-photography-landscape-10-426x351.jpg]
[harringtonweddings.com/wp-content/uploads/2018/04/wedding-photography-landscape-11.jpg]
[harringtonweddings.com/wp-content/uploads/2018/04/wedding-photography-landscape-11-426x351.jpg]
[harringtonweddings.com/wp-content/uploads/2018/04/wedding-photography-portrait-01.jpg]
[harringtonweddings.com/wp-content/uploads/2018/04/wedding-photography-portrait-01-426x351.jpg]
[harringtonweddings.com/wp-content/uploads/2018/04/wedding-photography-portrait-02.jpg]
[harringtonweddings.com/wp-content/uploads/2018/04/wedding-photography-portrait-02-426x351.jpg]
[harringtonweddings.com/wp-content/uploads/2018/04/wedding-photography-portrait-03.jpg]
[harringtonweddings.com/wp-content/uploads/2018/04/wedding-photography-portrait-03-426x351.jpg]
[harringtonweddings.com/wp-content/uploads/2018/04/wedding-photography-portrait-04.jpg]
[harringtonweddings.com/wp-content/uploads/2018/04/wedding-photography-portrait-04-426x351.jpg]
[harringtonweddings.com/last-minute-wedding-photographer-san-diego/index.html]
[harringtonweddings.com/wp-json/oembed/1.0/embed7b9b.json]
[harringtonweddings.com/portfolio/feed/index.html]
[harringtonweddings.com/portfolio/index.html]
[harringtonweddings.com/wp-json/oembed/1.0/embed77c1]
[harringtonweddings.com/wp-json/oembed/1.0/embed6e8a.json]
[harringtonweddings.com/team/feed/index.html]
[harringtonweddings.com/wp-json/oembed/1.0/embedd4f3]
[harringtonweddings.com/wp-content/uploads/2015/06/bag-and-hands-1500x1005.jpg]
[harringtonweddings.com/wp-content/uploads/2015/06/ian-harrington.jpg]
[harringtonweddings.com/wp-content/uploads/2015/06/adam-harrington-1.jpg]
[harringtonweddings.com/team/index.html]
[harringtonweddings.com/wp-content/plugins/gravityforms/js/jquery.json.min95b8.js]
[harringtonweddings.com/wp-content/plugins/gravityforms/js/gravityforms.min95b8.js]
[harringtonweddings.com/contact/feed/index.html]
[harringtonweddings.com/wp-json/oembed/1.0/embed2454.json]
[harringtonweddings.com/wp-json/oembed/1.0/embed49bd]
[harringtonweddings.com/wp-content/uploads/2015/05/contact-header.jpg]
[harringtonweddings.com/wp-content/plugins/gravityforms/images/spinner.gif]
[harringtonweddings.com/contact/index.html]
[harringtonweddings.com/wp-json/oembed/1.0/embed61ae.json]
[harringtonweddings.com/portfolio/danielle-chris/index.html]
[harringtonweddings.com/wp-json/oembed/1.0/embedb824]
[harringtonweddings.com/wp-json/oembed/1.0/embed744a.json]
[harringtonweddings.com/portfolio/katie-ryan/index.html]
[harringtonweddings.com/wp-json/oembed/1.0/embedd91b]
[harringtonweddings.com/wp-json/oembed/1.0/embedc4f6.json]
[harringtonweddings.com/portfolio/vicky-brent/index.html]
[harringtonweddings.com/wp-json/oembed/1.0/embedcb18]
[harringtonweddings.com/wp-json/oembed/1.0/embeddb13.json]
[harringtonweddings.com/portfolio/nicole-jeremiah/index.html]
[harringtonweddings.com/wp-json/oembed/1.0/embed23bb]
[harringtonweddings.com/wp-json/oembed/1.0/embed3e3f.json]
[harringtonweddings.com/portfolio/annie-jeff/index.html]
[harringtonweddings.com/wp-json/oembed/1.0/embedea5c]
[harringtonweddings.com/wp-json/oembed/1.0/embed8c30.json]
[harringtonweddings.com/portfolio/jennell-terry/index.html]
[harringtonweddings.com/wp-json/oembed/1.0/embed4f25]
[harringtonweddings.com/wp-json/oembed/1.0/embed04fc.json]
[harringtonweddings.com/portfolio/maegen-and-clint/index.html]
[harringtonweddings.com/wp-json/oembed/1.0/embedd37f]
[harringtonweddings.com/wp-json/oembed/1.0/embedd5da.json]
[harringtonweddings.com/portfolio/cassidy-david/index.html]
[harringtonweddings.com/wp-json/oembed/1.0/embedc52b]
[harringtonweddings.com/wp-json/oembed/1.0/embed0864.json]
[harringtonweddings.com/portfolio/ashley-charlie/index.html]
[harringtonweddings.com/wp-json/oembed/1.0/embedc562]
[harringtonweddings.com/wp-json/oembed/1.0/embeda96c.json]
[harringtonweddings.com/portfolio/melanie-and-phillip/index.html]
[harringtonweddings.com/wp-content/themes/gridstack/js/jquery.bxslider.min0235.js]
[harringtonweddings.com/wp-content/themes/gridstack/js/jquery.magnific-popup.min61fa.js]
[harringtonweddings.com/wp-content/themes/gridstack/js/jquery.isotope.mindc81.js]
[harringtonweddings.com/wp-content/themes/gridstack/js/jquery.infinitescroll.mincc40.js]
[harringtonweddings.com/wp-content/themes/gridstack/js/superfish.minb34d.js]
[harringtonweddings.com/wp-content/themes/gridstack/js/jquery.fitvids5152.js]
[harringtonweddings.com/wp-content/themes/gridstack/js/jquery.easing.1.34e44.js]
[harringtonweddings.com/wp-content/themes/gridstack/js/custom8a54.js]
[harringtonweddings.com/wp-includes/js/imagesloaded.min55a0.js]
[harringtonweddings.com/wp-includes/js/jquery/ui/core.mine899.js]
[harringtonweddings.com/wp-includes/js/jquery/ui/widget.mine899.js]
[harringtonweddings.com/wp-includes/js/jquery/ui/tabs.mine899.js]
[harringtonweddings.com/wp-includes/js/jquery/ui/accordion.mine899.js]
[harringtonweddings.com/wp-content/plugins/themewich-shortcodes/js/themewich.shortcodes1159.js]
[harringtonweddings.com/wp-includes/js/comment-reply.min37cb.js]
[harringtonweddings.com/wp-includes/js/wp-embed.min37cb.js]
[connect.facebook.net/en_US/fbevents.js]
[harringtonweddings.com/wp-content/themes/girdstack-child/icons/yelp.svg]
[harringtonweddings.com/wp-content/themes/girdstack-child/icons/knot.svg]
[harringtonweddings.com/wp-content/themes/girdstack-child/icons/weddingwire.svg]
[harringtonweddings.com/wp-content/themes/gridstack/background.html]
[harringtonweddings.com/wp-content/themes/gridstack/images/sprites-nivo.html]
[harringtonweddings.com/wp-content/themes/gridstack/images/sprites-nivo-white.html]
[harringtonweddings.com/wp-content/plugins/themewich-shortcodes/images/loading-spin.svg]
[harringtonweddings.com/wp-content/plugins/themewich-shortcodes/images/loading-spin-dark.svg]
[harringtonweddings.com/wp-content/plugins/themewich-shortcodes/images/left-chevron.svg]
[harringtonweddings.com/wp-content/plugins/themewich-shortcodes/images/right-chevron.svg]
[harringtonweddings.com/wp-content/plugins/themewich-shortcodes/images/toggle-plus.svg]
[harringtonweddings.com/wp-content/plugins/themewich-shortcodes/images/toggle-minus.svg]
[harringtonweddings.com/wp-content/plugins/themewich-shortcodes/images/icons/twitter.svg]
[harringtonweddings.com/wp-content/plugins/themewich-shortcodes/images/icons/facebook.svg]
[harringtonweddings.com/wp-content/plugins/themewich-shortcodes/images/icons/dribbble.svg]
[harringtonweddings.com/wp-content/plugins/themewich-shortcodes/images/icons/instagram.svg]
[harringtonweddings.com/wp-content/plugins/themewich-shortcodes/images/icons/google.svg]
[harringtonweddings.com/wp-content/plugins/themewich-shortcodes/images/icons/pinterest.svg]
[harringtonweddings.com/wp-content/plugins/themewich-shortcodes/images/icons/linkedin.svg]
[harringtonweddings.com/wp-content/plugins/themewich-shortcodes/images/icons/rss.svg]
[harringtonweddings.com/wp-content/plugins/themewich-shortcodes/images/icons/stumbleupon.svg]
[harringtonweddings.com/wp-content/plugins/themewich-shortcodes/images/icons/vimeo.svg]
[harringtonweddings.com/wp-content/plugins/themewich-shortcodes/images/icons/youtube.svg]
[harringtonweddings.com/indexdf27.html]
[harringtonweddings.com/indexd78c.html]
[harringtonweddings.com/portfolio/feed/index.html]
[harringtonweddings.com/indexb5fb.html]
[harringtonweddings.com/index970c.html]
[harringtonweddings.com/wp-content/plugins/gravityforms/js/jquery.json.min95b8.js]
[harringtonweddings.com/wp-content/plugins/gravityforms/js/gravityforms.min95b8.js]
[harringtonweddings.com/index5757.html]
[harringtonweddings.com/index4a60.html]
[harringtonweddings.com/indexf8c8.html]
[harringtonweddings.com/index86c5.html]
[harringtonweddings.com/index3c3e.html]
[harringtonweddings.com/index4f47.html]
[harringtonweddings.com/index820c.html]
[harringtonweddings.com/indexe7fb.html]
[harringtonweddings.com/index4cfb.html]
[harringtonweddings.com/index3a3f.html]
[harringtonweddings.com/indexaa4f.html]
[harringtonweddings.com/wp-json/oembed/1.0/embedac12]
